2025-11-23 16:41:33 - OTMS - ERROR - Save YADE voyage failed: (sqlite3.IntegrityError) NOT NULL constraint failed: yade_voyage.before_gauge_date
[SQL: INSERT INTO yade_voyage (location_id, yade_name, design, voyage_no, convoy_no, date, time, cargo, destination, loading_berth, before_gauge_date, before_gauge_time, after_gauge_date, after_gauge_time, created_by, created_at, updated_by, updated_at) VALUES (?, ?, ?, ?, ?, ?, ?, ?, ?, ?, ?, ?, ?, ?, ?, ?, ?, ?)]
[parameters: (2, 'YADE-36', '4', '1234', '2000', '2025-11-23', '08:00:00.000000', 'Okwuibome Blend Crude', 'Agge', 'Asemoku Jetty', None, None, None, None, 'admin', '2025-11-23 15:41:33.163244', None, None)]
(Background on this error at: https://sqlalche.me/e/20/gkpj)
Traceback (most recent call last):
  File "C:\Users\Praveen\AppData\Local\Packages\PythonSoftwareFoundation.Python.3.13_qbz5n2kfra8p0\LocalCache\local-packages\Python313\site-packages\sqlalchemy\engine\base.py", line 1967, in _exec_single_context
    self.dialect.do_execute(
    ~~~~~~~~~~~~~~~~~~~~~~~^
        cursor, str_statement, effective_parameters, context
        ^^^^^^^^^^^^^^^^^^^^^^^^^^^^^^^^^^^^^^^^^^^^^^^^^^^^
    )
    ^
  File "C:\Users\Praveen\AppData\Local\Packages\PythonSoftwareFoundation.Python.3.13_qbz5n2kfra8p0\LocalCache\local-packages\Python313\site-packages\sqlalchemy\engine\default.py", line 951, in do_execute
    cursor.execute(statement, parameters)
    ~~~~~~~~~~~~~~^^^^^^^^^^^^^^^^^^^^^^^
sqlite3.IntegrityError: NOT NULL constraint failed: yade_voyage.before_gauge_date

The above exception was the direct cause of the following exception:

Traceback (most recent call last):
  File "D:\Project OTMS-Rebuild\app_pages\yade_transactions.py", line 937, in _render_yade_form
    s.flush()
    ~~~~~~~^^
  File "C:\Users\Praveen\AppData\Local\Packages\PythonSoftwareFoundation.Python.3.13_qbz5n2kfra8p0\LocalCache\local-packages\Python313\site-packages\sqlalchemy\orm\session.py", line 4331, in flush
    self._flush(objects)
    ~~~~~~~~~~~^^^^^^^^^
  File "C:\Users\Praveen\AppData\Local\Packages\PythonSoftwareFoundation.Python.3.13_qbz5n2kfra8p0\LocalCache\local-packages\Python313\site-packages\sqlalchemy\orm\session.py", line 4466, in _flush
    with util.safe_reraise():
         ~~~~~~~~~~~~~~~~~^^
  File "C:\Users\Praveen\AppData\Local\Packages\PythonSoftwareFoundation.Python.3.13_qbz5n2kfra8p0\LocalCache\local-packages\Python313\site-packages\sqlalchemy\util\langhelpers.py", line 224, in __exit__
    raise exc_value.with_traceback(exc_tb)
  File "C:\Users\Praveen\AppData\Local\Packages\PythonSoftwareFoundation.Python.3.13_qbz5n2kfra8p0\LocalCache\local-packages\Python313\site-packages\sqlalchemy\orm\session.py", line 4427, in _flush
    flush_context.execute()
    ~~~~~~~~~~~~~~~~~~~~~^^
  File "C:\Users\Praveen\AppData\Local\Packages\PythonSoftwareFoundation.Python.3.13_qbz5n2kfra8p0\LocalCache\local-packages\Python313\site-packages\sqlalchemy\orm\unitofwork.py", line 466, in execute
    rec.execute(self)
    ~~~~~~~~~~~^^^^^^
  File "C:\Users\Praveen\AppData\Local\Packages\PythonSoftwareFoundation.Python.3.13_qbz5n2kfra8p0\LocalCache\local-packages\Python313\site-packages\sqlalchemy\orm\unitofwork.py", line 642, in execute
    util.preloaded.orm_persistence.save_obj(
    ~~~~~~~~~~~~~~~~~~~~~~~~~~~~~~~~~~~~~~~^
        self.mapper,
        ^^^^^^^^^^^^
        uow.states_for_mapper_hierarchy(self.mapper, False, False),
        ^^^^^^^^^^^^^^^^^^^^^^^^^^^^^^^^^^^^^^^^^^^^^^^^^^^^^^^^^^^
        uow,
        ^^^^
    )
    ^
  File "C:\Users\Praveen\AppData\Local\Packages\PythonSoftwareFoundation.Python.3.13_qbz5n2kfra8p0\LocalCache\local-packages\Python313\site-packages\sqlalchemy\orm\persistence.py", line 93, in save_obj
    _emit_insert_statements(
    ~~~~~~~~~~~~~~~~~~~~~~~^
        base_mapper,
        ^^^^^^^^^^^^
    ...<3 lines>...
        insert,
        ^^^^^^^
    )
    ^
  File "C:\Users\Praveen\AppData\Local\Packages\PythonSoftwareFoundation.Python.3.13_qbz5n2kfra8p0\LocalCache\local-packages\Python313\site-packages\sqlalchemy\orm\persistence.py", line 1233, in _emit_insert_statements
    result = connection.execute(
        statement,
        params,
        execution_options=execution_options,
    )
  File "C:\Users\Praveen\AppData\Local\Packages\PythonSoftwareFoundation.Python.3.13_qbz5n2kfra8p0\LocalCache\local-packages\Python313\site-packages\sqlalchemy\engine\base.py", line 1419, in execute
    return meth(
        self,
        distilled_parameters,
        execution_options or NO_OPTIONS,
    )
  File "C:\Users\Praveen\AppData\Local\Packages\PythonSoftwareFoundation.Python.3.13_qbz5n2kfra8p0\LocalCache\local-packages\Python313\site-packages\sqlalchemy\sql\elements.py", line 526, in _execute_on_connection
    return connection._execute_clauseelement(
           ~~~~~~~~~~~~~~~~~~~~~~~~~~~~~~~~~^
        self, distilled_params, execution_options
        ^^^^^^^^^^^^^^^^^^^^^^^^^^^^^^^^^^^^^^^^^
    )
    ^
  File "C:\Users\Praveen\AppData\Local\Packages\PythonSoftwareFoundation.Python.3.13_qbz5n2kfra8p0\LocalCache\local-packages\Python313\site-packages\sqlalchemy\engine\base.py", line 1641, in _execute_clauseelement
    ret = self._execute_context(
        dialect,
    ...<8 lines>...
        cache_hit=cache_hit,
    )
  File "C:\Users\Praveen\AppData\Local\Packages\PythonSoftwareFoundation.Python.3.13_qbz5n2kfra8p0\LocalCache\local-packages\Python313\site-packages\sqlalchemy\engine\base.py", line 1846, in _execute_context
    return self._exec_single_context(
           ~~~~~~~~~~~~~~~~~~~~~~~~~^
        dialect, context, statement, parameters
        ^^^^^^^^^^^^^^^^^^^^^^^^^^^^^^^^^^^^^^^
    )
    ^
  File "C:\Users\Praveen\AppData\Local\Packages\PythonSoftwareFoundation.Python.3.13_qbz5n2kfra8p0\LocalCache\local-packages\Python313\site-packages\sqlalchemy\engine\base.py", line 1986, in _exec_single_context
    self._handle_dbapi_exception(
    ~~~~~~~~~~~~~~~~~~~~~~~~~~~~^
        e, str_statement, effective_parameters, cursor, context
        ^^^^^^^^^^^^^^^^^^^^^^^^^^^^^^^^^^^^^^^^^^^^^^^^^^^^^^^
    )
    ^
  File "C:\Users\Praveen\AppData\Local\Packages\PythonSoftwareFoundation.Python.3.13_qbz5n2kfra8p0\LocalCache\local-packages\Python313\site-packages\sqlalchemy\engine\base.py", line 2355, in _handle_dbapi_exception
    raise sqlalchemy_exception.with_traceback(exc_info[2]) from e
  File "C:\Users\Praveen\AppData\Local\Packages\PythonSoftwareFoundation.Python.3.13_qbz5n2kfra8p0\LocalCache\local-packages\Python313\site-packages\sqlalchemy\engine\base.py", line 1967, in _exec_single_context
    self.dialect.do_execute(
    ~~~~~~~~~~~~~~~~~~~~~~~^
        cursor, str_statement, effective_parameters, context
        ^^^^^^^^^^^^^^^^^^^^^^^^^^^^^^^^^^^^^^^^^^^^^^^^^^^^
    )
    ^
  File "C:\Users\Praveen\AppData\Local\Packages\PythonSoftwareFoundation.Python.3.13_qbz5n2kfra8p0\LocalCache\local-packages\Python313\site-packages\sqlalchemy\engine\default.py", line 951, in do_execute
    cursor.execute(statement, parameters)
    ~~~~~~~~~~~~~~^^^^^^^^^^^^^^^^^^^^^^^
sqlalchemy.exc.IntegrityError: (sqlite3.IntegrityError) NOT NULL constraint failed: yade_voyage.before_gauge_date
[SQL: INSERT INTO yade_voyage (location_id, yade_name, design, voyage_no, convoy_no, date, time, cargo, destination, loading_berth, before_gauge_date, before_gauge_time, after_gauge_date, after_gauge_time, created_by, created_at, updated_by, updated_at) VALUES (?, ?, ?, ?, ?, ?, ?, ?, ?, ?, ?, ?, ?, ?, ?, ?, ?, ?)]
[parameters: (2, 'YADE-36', '4', '1234', '2000', '2025-11-23', '08:00:00.000000', 'Okwuibome Blend Crude', 'Agge', 'Asemoku Jetty', None, None, None, None, 'admin', '2025-11-23 15:41:33.163244', None, None)]
(Background on this error at: https://sqlalche.me/e/20/gkpj)
2025-11-23 20:36:43 - OTMS - ERROR - Tanker Transactions page failed: The `value` 0.0 is less than the `min_value` 15.0.
Traceback (most recent call last):
  File "D:\Project OTMS-Rebuild\app_pages\tanker_transactions.py", line 936, in render_tanker_transactions_page
    _render_entry_form(loc, can_make_entries, tanker_names)
    ~~~~~~~~~~~~~~~~~~^^^^^^^^^^^^^^^^^^^^^^^^^^^^^^^^^^^^^
  File "D:\Project OTMS-Rebuild\app_pages\tanker_transactions.py", line 660, in _render_entry_form
    api_observed = st.number_input(
        "Observed API *",
    ...<3 lines>...
        key="tanker_tx_api_observed",
    )
  File "C:\Users\Praveen\AppData\Local\Packages\PythonSoftwareFoundation.Python.3.13_qbz5n2kfra8p0\LocalCache\local-packages\Python313\site-packages\streamlit\runtime\metrics_util.py", line 443, in wrapped_func
    result = non_optional_func(*args, **kwargs)
  File "C:\Users\Praveen\AppData\Local\Packages\PythonSoftwareFoundation.Python.3.13_qbz5n2kfra8p0\LocalCache\local-packages\Python313\site-packages\streamlit\elements\widgets\number_input.py", line 401, in number_input
    return self._number_input(
           ~~~~~~~~~~~~~~~~~~^
        label=label,
        ^^^^^^^^^^^^
    ...<15 lines>...
        ctx=ctx,
        ^^^^^^^^
    )
    ^
  File "C:\Users\Praveen\AppData\Local\Packages\PythonSoftwareFoundation.Python.3.13_qbz5n2kfra8p0\LocalCache\local-packages\Python313\site-packages\streamlit\elements\widgets\number_input.py", line 640, in _number_input
    raise StreamlitValueBelowMinError(
        value=widget_state.value, min_value=number_input_proto.min
    )
streamlit.errors.StreamlitValueBelowMinError: The `value` 0.0 is less than the `min_value` 15.0.
2025-11-23 20:36:50 - OTMS - ERROR - Tanker Transactions page failed: The `value` 0.0 is less than the `min_value` 15.0.
Traceback (most recent call last):
  File "D:\Project OTMS-Rebuild\app_pages\tanker_transactions.py", line 936, in render_tanker_transactions_page
    _render_entry_form(loc, can_make_entries, tanker_names)
    ~~~~~~~~~~~~~~~~~~^^^^^^^^^^^^^^^^^^^^^^^^^^^^^^^^^^^^^
  File "D:\Project OTMS-Rebuild\app_pages\tanker_transactions.py", line 660, in _render_entry_form
    api_observed = st.number_input(
        "Observed API *",
    ...<3 lines>...
        key="tanker_tx_api_observed",
    )
  File "C:\Users\Praveen\AppData\Local\Packages\PythonSoftwareFoundation.Python.3.13_qbz5n2kfra8p0\LocalCache\local-packages\Python313\site-packages\streamlit\runtime\metrics_util.py", line 443, in wrapped_func
    result = non_optional_func(*args, **kwargs)
  File "C:\Users\Praveen\AppData\Local\Packages\PythonSoftwareFoundation.Python.3.13_qbz5n2kfra8p0\LocalCache\local-packages\Python313\site-packages\streamlit\elements\widgets\number_input.py", line 401, in number_input
    return self._number_input(
           ~~~~~~~~~~~~~~~~~~^
        label=label,
        ^^^^^^^^^^^^
    ...<15 lines>...
        ctx=ctx,
        ^^^^^^^^
    )
    ^
  File "C:\Users\Praveen\AppData\Local\Packages\PythonSoftwareFoundation.Python.3.13_qbz5n2kfra8p0\LocalCache\local-packages\Python313\site-packages\streamlit\elements\widgets\number_input.py", line 640, in _number_input
    raise StreamlitValueBelowMinError(
        value=widget_state.value, min_value=number_input_proto.min
    )
streamlit.errors.StreamlitValueBelowMinError: The `value` 0.0 is less than the `min_value` 15.0.
2025-11-23 20:47:27 - OTMS - ERROR - Tanker Transactions page failed: The `value` 0.0 is less than the `min_value` 15.0.
Traceback (most recent call last):
  File "D:\Project OTMS-Rebuild\app_pages\tanker_transactions.py", line 936, in render_tanker_transactions_page
    _render_entry_form(loc, can_make_entries, tanker_names)
    ~~~~~~~~~~~~~~~~~~^^^^^^^^^^^^^^^^^^^^^^^^^^^^^^^^^^^^^
  File "D:\Project OTMS-Rebuild\app_pages\tanker_transactions.py", line 660, in _render_entry_form
    api_observed = st.number_input(
        "Observed API *",
    ...<3 lines>...
        key="tanker_tx_api_observed",
    )
  File "C:\Users\Praveen\AppData\Local\Packages\PythonSoftwareFoundation.Python.3.13_qbz5n2kfra8p0\LocalCache\local-packages\Python313\site-packages\streamlit\runtime\metrics_util.py", line 443, in wrapped_func
    result = non_optional_func(*args, **kwargs)
  File "C:\Users\Praveen\AppData\Local\Packages\PythonSoftwareFoundation.Python.3.13_qbz5n2kfra8p0\LocalCache\local-packages\Python313\site-packages\streamlit\elements\widgets\number_input.py", line 401, in number_input
    return self._number_input(
           ~~~~~~~~~~~~~~~~~~^
        label=label,
        ^^^^^^^^^^^^
    ...<15 lines>...
        ctx=ctx,
        ^^^^^^^^
    )
    ^
  File "C:\Users\Praveen\AppData\Local\Packages\PythonSoftwareFoundation.Python.3.13_qbz5n2kfra8p0\LocalCache\local-packages\Python313\site-packages\streamlit\elements\widgets\number_input.py", line 640, in _number_input
    raise StreamlitValueBelowMinError(
        value=widget_state.value, min_value=number_input_proto.min
    )
streamlit.errors.StreamlitValueBelowMinError: The `value` 0.0 is less than the `min_value` 15.0.
2025-11-23 21:31:04 - OTMS - ERROR - Tanker Transactions page failed: 'str' object has no attribute 'name'
Traceback (most recent call last):
  File "D:\Project OTMS-Rebuild\app_pages\tanker_transactions.py", line 959, in render_tanker_transactions_page
    _render_entry_form(loc, can_make_entries, tanker_names)
    ~~~~~~~~~~~~~~~~~~^^^^^^^^^^^^^^^^^^^^^^^^^^^^^^^^^^^^^
  File "D:\Project OTMS-Rebuild\app_pages\tanker_transactions.py", line 540, in _render_entry_form
    tanker_names = [t.name for t in tankers]
                    ^^^^^^
AttributeError: 'str' object has no attribute 'name'
