2025-12-09 08:27:00 - OTMS - INFO - Loading columns for standard data source 'otr_records'
2025-12-09 08:27:00 - OTMS - INFO - Retrieved 22 columns for data source 'otr_records'
2025-12-09 08:27:00 - OTMS - INFO - Loading columns for standard data source 'otr_records'
2025-12-09 08:27:00 - OTMS - INFO - Retrieved 22 columns for data source 'otr_records'
2025-12-09 08:27:00 - OTMS - INFO - Loading columns for standard data source 'otr_records'
2025-12-09 08:27:00 - OTMS - INFO - Retrieved 22 columns for data source 'otr_records'
2025-12-09 08:27:00 - OTMS - INFO - Loading columns for standard data source 'otr_records'
2025-12-09 08:27:00 - OTMS - INFO - Retrieved 22 columns for data source 'otr_records'
2025-12-09 08:27:00 - OTMS - INFO - Reflecting table 'otr_records' from flex database...
2025-12-09 08:27:00 - OTMS - INFO - Successfully created model for table 'otr_records' from flex database
2025-12-09 08:27:00 - OTMS - INFO - Reflecting table 'otr_records' from flex database...
2025-12-09 08:27:00 - OTMS - INFO - Successfully created model for table 'otr_records' from flex database
2025-12-09 08:27:00 - OTMS - INFO - Reflecting table 'otr_records' from flex database...
2025-12-09 08:27:00 - OTMS - INFO - Successfully created model for table 'otr_records' from flex database
2025-12-09 08:27:00 - OTMS - INFO - Reflecting table 'otr_records' from flex database...
2025-12-09 08:27:00 - OTMS - INFO - Successfully created model for table 'otr_records' from flex database
2025-12-09 08:27:00 - OTMS - INFO - Reflecting table 'otr_records' from flex database...
2025-12-09 08:27:00 - OTMS - INFO - Successfully created model for table 'otr_records' from flex database
2025-12-09 08:27:00 - OTMS - INFO - Reflecting table 'otr_records' from flex database...
2025-12-09 08:27:00 - OTMS - INFO - Successfully created model for table 'otr_records' from flex database
2025-12-09 08:27:00 - OTMS - INFO - Reflecting table 'otr_records' from flex database...
2025-12-09 08:27:00 - OTMS - INFO - Successfully created model for table 'otr_records' from flex database
2025-12-09 08:27:00 - OTMS - INFO - Reflecting table 'otr_records' from flex database...
2025-12-09 08:27:00 - OTMS - INFO - Successfully created model for table 'otr_records' from flex database
2025-12-09 08:27:00 - OTMS - INFO - Reflecting table 'otr_records' from flex database...
2025-12-09 08:27:00 - OTMS - INFO - Successfully created model for table 'otr_records' from flex database
2025-12-09 08:27:00 - OTMS - INFO - Reflecting table 'otr_records' from flex database...
2025-12-09 08:27:00 - OTMS - INFO - Successfully created model for table 'otr_records' from flex database
2025-12-09 08:27:00 - OTMS - INFO - Reflecting table 'otr_records' from flex database...
2025-12-09 08:27:00 - OTMS - INFO - Successfully created model for table 'otr_records' from flex database
2025-12-09 08:27:00 - OTMS - INFO - Reflecting table 'otr_records' from flex database...
2025-12-09 08:27:00 - OTMS - INFO - Successfully created model for table 'otr_records' from flex database
2025-12-09 08:27:00 - OTMS - INFO - Reflecting table 'otr_records' from flex database...
2025-12-09 08:27:01 - OTMS - INFO - Successfully created model for table 'otr_records' from flex database
2025-12-09 08:27:01 - OTMS - INFO - Reflecting table 'otr_records' from flex database...
2025-12-09 08:27:01 - OTMS - INFO - Successfully created model for table 'otr_records' from flex database
2025-12-09 08:27:01 - OTMS - INFO - Reflecting table 'otr_records' from flex database...
2025-12-09 08:27:01 - OTMS - INFO - Successfully created model for table 'otr_records' from flex database
2025-12-09 08:27:01 - OTMS - INFO - Reflecting table 'otr_records' from flex database...
2025-12-09 08:27:01 - OTMS - INFO - Successfully created model for table 'otr_records' from flex database
2025-12-09 08:27:01 - OTMS - INFO - Reflecting table 'otr_records' from flex database...
2025-12-09 08:27:01 - OTMS - INFO - Successfully created model for table 'otr_records' from flex database
2025-12-09 08:27:01 - OTMS - INFO - Reflecting table 'otr_records' from flex database...
2025-12-09 08:27:01 - OTMS - INFO - Successfully created model for table 'otr_records' from flex database
2025-12-09 08:27:01 - OTMS - INFO - Reflecting table 'otr_records' from flex database...
2025-12-09 08:27:01 - OTMS - INFO - Successfully created model for table 'otr_records' from flex database
2025-12-09 08:27:01 - OTMS - INFO - Reflecting table 'otr_records' from flex database...
2025-12-09 08:27:01 - OTMS - INFO - Successfully created model for table 'otr_records' from flex database
2025-12-09 08:27:01 - OTMS - INFO - Reflecting table 'otr_records' from flex database...
2025-12-09 08:27:01 - OTMS - INFO - Successfully created model for table 'otr_records' from flex database
2025-12-09 08:27:01 - OTMS - INFO - Reflecting table 'otr_records' from flex database...
2025-12-09 08:27:01 - OTMS - INFO - Successfully created model for table 'otr_records' from flex database
2025-12-09 08:27:01 - OTMS - INFO - Reflecting table 'otr_records' from flex database...
2025-12-09 08:27:01 - OTMS - INFO - Successfully created model for table 'otr_records' from flex database
2025-12-09 08:27:01 - OTMS - INFO - Reflecting table 'otr_records' from flex database...
2025-12-09 08:27:01 - OTMS - INFO - Successfully created model for table 'otr_records' from flex database
2025-12-09 08:27:01 - OTMS - INFO - Reflecting table 'otr_records' from flex database...
2025-12-09 08:27:01 - OTMS - INFO - Successfully created model for table 'otr_records' from flex database
2025-12-09 08:27:42 - OTMS - INFO - Attempting to load custom table model for 'yade_voyage'
2025-12-09 08:27:42 - OTMS - INFO - Reflecting table 'yade_voyage' from flex database...
2025-12-09 08:27:42 - OTMS - INFO - Successfully created model for table 'yade_voyage' from flex database
2025-12-09 08:27:42 - OTMS - INFO - Successfully loaded model for custom table 'yade_voyage'
2025-12-09 08:27:42 - OTMS - INFO - Reflecting table 'toa_yade_summary' from flex database...
2025-12-09 08:27:42 - OTMS - INFO - Successfully created model for table 'toa_yade_summary' from flex database
2025-12-09 08:27:50 - OTMS - INFO - Attempting to load custom table model for 'yade_voyage'
2025-12-09 08:27:50 - OTMS - INFO - Reflecting table 'yade_voyage' from flex database...
2025-12-09 08:27:50 - OTMS - INFO - Successfully created model for table 'yade_voyage' from flex database
2025-12-09 08:27:50 - OTMS - INFO - Successfully loaded model for custom table 'yade_voyage'
2025-12-09 08:27:50 - OTMS - INFO - Reflecting table 'toa_yade_summary' from flex database...
2025-12-09 08:27:50 - OTMS - INFO - Successfully created model for table 'toa_yade_summary' from flex database
2025-12-09 08:37:07 - OTMS - INFO - Reflecting table 'flex_meters_2' from flex database...
2025-12-09 08:37:07 - OTMS - INFO - Successfully created model for table 'flex_meters_2' from flex database
2025-12-09 08:37:07 - OTMS - INFO - Reflecting table 'flex_produced_water_2' from flex database...
2025-12-09 08:37:07 - OTMS - INFO - Successfully created model for table 'flex_produced_water_2' from flex database
2025-12-09 10:55:37 - OTMS - INFO - Reflecting table 'flex_meters_2' from flex database...
2025-12-09 10:55:37 - OTMS - INFO - Successfully created model for table 'flex_meters_2' from flex database
2025-12-09 10:55:37 - OTMS - INFO - Reflecting table 'flex_produced_water_2' from flex database...
2025-12-09 10:55:37 - OTMS - INFO - Successfully created model for table 'flex_produced_water_2' from flex database
2025-12-09 10:56:07 - OTMS - INFO - Reflecting table 'flex_meters_2' from flex database...
2025-12-09 10:56:07 - OTMS - INFO - Successfully created model for table 'flex_meters_2' from flex database
2025-12-09 10:56:07 - OTMS - INFO - Reflecting table 'flex_produced_water_2' from flex database...
2025-12-09 10:56:07 - OTMS - INFO - Successfully created model for table 'flex_produced_water_2' from flex database
2025-12-09 10:56:14 - OTMS - INFO - Reflecting table 'flex_meters_2' from flex database...
2025-12-09 10:56:14 - OTMS - INFO - Successfully created model for table 'flex_meters_2' from flex database
2025-12-09 10:56:14 - OTMS - INFO - Reflecting table 'flex_produced_water_2' from flex database...
2025-12-09 10:56:14 - OTMS - INFO - Successfully created model for table 'flex_produced_water_2' from flex database
2025-12-09 10:56:17 - OTMS - INFO - Reflecting table 'flex_meters_2' from flex database...
2025-12-09 10:56:17 - OTMS - INFO - Successfully created model for table 'flex_meters_2' from flex database
2025-12-09 10:56:17 - OTMS - INFO - Reflecting table 'flex_produced_water_2' from flex database...
2025-12-09 10:56:17 - OTMS - INFO - Successfully created model for table 'flex_produced_water_2' from flex database
2025-12-09 10:57:12 - OTMS - INFO - Reflecting table 'flex_meters_2' from flex database...
2025-12-09 10:57:12 - OTMS - INFO - Successfully created model for table 'flex_meters_2' from flex database
2025-12-09 10:57:12 - OTMS - INFO - Reflecting table 'flex_produced_water_2' from flex database...
2025-12-09 10:57:12 - OTMS - INFO - Successfully created model for table 'flex_produced_water_2' from flex database
2025-12-09 10:57:14 - OTMS - INFO - Reflecting table 'flex_meters_2' from flex database...
2025-12-09 10:57:14 - OTMS - INFO - Successfully created model for table 'flex_meters_2' from flex database
2025-12-09 10:57:14 - OTMS - INFO - Reflecting table 'flex_produced_water_2' from flex database...
2025-12-09 10:57:14 - OTMS - INFO - Successfully created model for table 'flex_produced_water_2' from flex database
2025-12-09 10:57:16 - OTMS - INFO - Reflecting table 'flex_meters_2' from flex database...
2025-12-09 10:57:16 - OTMS - INFO - Successfully created model for table 'flex_meters_2' from flex database
2025-12-09 10:57:17 - OTMS - INFO - Reflecting table 'flex_produced_water_2' from flex database...
2025-12-09 10:57:17 - OTMS - INFO - Successfully created model for table 'flex_produced_water_2' from flex database
2025-12-09 14:50:28 - OTMS - INFO - Reflecting table 'flex_meters_2' from flex database...
2025-12-09 14:50:28 - OTMS - INFO - Successfully created model for table 'flex_meters_2' from flex database
2025-12-09 14:50:28 - OTMS - INFO - Reflecting table 'flex_produced_water_2' from flex database...
2025-12-09 14:50:28 - OTMS - INFO - Successfully created model for table 'flex_produced_water_2' from flex database
2025-12-09 14:50:30 - OTMS - INFO - Reflecting table 'flex_meters_2' from flex database...
2025-12-09 14:50:30 - OTMS - INFO - Successfully created model for table 'flex_meters_2' from flex database
2025-12-09 14:50:31 - OTMS - INFO - Reflecting table 'flex_produced_water_2' from flex database...
2025-12-09 14:50:31 - OTMS - INFO - Successfully created model for table 'flex_produced_water_2' from flex database
2025-12-09 14:50:36 - OTMS - INFO - Reflecting table 'flex_meters_2' from flex database...
2025-12-09 14:50:36 - OTMS - INFO - Successfully created model for table 'flex_meters_2' from flex database
2025-12-09 14:50:36 - OTMS - INFO - Reflecting table 'flex_produced_water_2' from flex database...
2025-12-09 14:50:36 - OTMS - INFO - Successfully created model for table 'flex_produced_water_2' from flex database
2025-12-09 14:51:33 - OTMS - INFO - Reflecting table 'flex_meters_2' from flex database...
2025-12-09 14:51:33 - OTMS - INFO - Successfully created model for table 'flex_meters_2' from flex database
2025-12-09 14:51:33 - OTMS - INFO - Reflecting table 'flex_produced_water_2' from flex database...
2025-12-09 14:51:33 - OTMS - INFO - Successfully created model for table 'flex_produced_water_2' from flex database
2025-12-09 14:51:35 - OTMS - INFO - Reflecting table 'flex_meters_2' from flex database...
2025-12-09 14:51:35 - OTMS - INFO - Successfully created model for table 'flex_meters_2' from flex database
2025-12-09 14:51:35 - OTMS - INFO - Reflecting table 'flex_produced_water_2' from flex database...
2025-12-09 14:51:35 - OTMS - INFO - Successfully created model for table 'flex_produced_water_2' from flex database
2025-12-09 14:51:38 - OTMS - INFO - Reflecting table 'flex_meters_2' from flex database...
2025-12-09 14:51:38 - OTMS - INFO - Successfully created model for table 'flex_meters_2' from flex database
2025-12-09 14:51:38 - OTMS - INFO - Reflecting table 'flex_produced_water_2' from flex database...
2025-12-09 14:51:38 - OTMS - INFO - Successfully created model for table 'flex_produced_water_2' from flex database
2025-12-09 14:51:39 - OTMS - INFO - Reflecting table 'flex_meters_2' from flex database...
2025-12-09 14:51:39 - OTMS - INFO - Successfully created model for table 'flex_meters_2' from flex database
2025-12-09 14:51:39 - OTMS - INFO - Reflecting table 'flex_produced_water_2' from flex database...
2025-12-09 14:51:39 - OTMS - INFO - Successfully created model for table 'flex_produced_water_2' from flex database
2025-12-09 14:51:41 - OTMS - INFO - Reflecting table 'flex_meters_2' from flex database...
2025-12-09 14:51:41 - OTMS - INFO - Successfully created model for table 'flex_meters_2' from flex database
2025-12-09 14:51:41 - OTMS - INFO - Reflecting table 'flex_produced_water_2' from flex database...
2025-12-09 14:51:41 - OTMS - INFO - Successfully created model for table 'flex_produced_water_2' from flex database
2025-12-09 14:51:47 - OTMS - INFO - Reflecting table 'flex_meters_2' from flex database...
2025-12-09 14:51:47 - OTMS - INFO - Successfully created model for table 'flex_meters_2' from flex database
2025-12-09 14:51:47 - OTMS - INFO - Reflecting table 'flex_produced_water_2' from flex database...
2025-12-09 14:51:47 - OTMS - INFO - Successfully created model for table 'flex_produced_water_2' from flex database
2025-12-09 15:01:53 - OTMS - INFO - Reflecting table 'flex_meters_2' from flex database...
2025-12-09 15:01:53 - OTMS - INFO - Successfully created model for table 'flex_meters_2' from flex database
2025-12-09 15:01:54 - OTMS - INFO - Reflecting table 'flex_produced_water_2' from flex database...
2025-12-09 15:01:54 - OTMS - INFO - Successfully created model for table 'flex_produced_water_2' from flex database
2025-12-09 15:26:54 - OTMS - INFO - Reflecting table 'flex_meters_2' from flex database...
2025-12-09 15:26:54 - OTMS - INFO - Successfully created model for table 'flex_meters_2' from flex database
2025-12-09 15:26:54 - OTMS - INFO - Reflecting table 'flex_produced_water_2' from flex database...
2025-12-09 15:26:54 - OTMS - INFO - Successfully created model for table 'flex_produced_water_2' from flex database
2025-12-09 15:26:56 - OTMS - INFO - Reflecting table 'flex_meters_2' from flex database...
2025-12-09 15:26:56 - OTMS - INFO - Successfully created model for table 'flex_meters_2' from flex database
2025-12-09 15:26:56 - OTMS - INFO - Reflecting table 'flex_produced_water_2' from flex database...
2025-12-09 15:26:56 - OTMS - INFO - Successfully created model for table 'flex_produced_water_2' from flex database
2025-12-09 15:26:58 - OTMS - INFO - Reflecting table 'flex_meters_2' from flex database...
2025-12-09 15:26:58 - OTMS - INFO - Successfully created model for table 'flex_meters_2' from flex database
2025-12-09 15:26:58 - OTMS - INFO - Reflecting table 'flex_produced_water_2' from flex database...
2025-12-09 15:26:58 - OTMS - INFO - Successfully created model for table 'flex_produced_water_2' from flex database
2025-12-09 15:27:01 - OTMS - INFO - Reflecting table 'flex_meters_2' from flex database...
2025-12-09 15:27:01 - OTMS - INFO - Successfully created model for table 'flex_meters_2' from flex database
2025-12-09 15:27:01 - OTMS - INFO - Reflecting table 'flex_produced_water_2' from flex database...
2025-12-09 15:27:01 - OTMS - INFO - Successfully created model for table 'flex_produced_water_2' from flex database
2025-12-09 15:29:20 - OTMS - INFO - Reflecting table 'flex_meters_2' from flex database...
2025-12-09 15:29:20 - OTMS - INFO - Successfully created model for table 'flex_meters_2' from flex database
2025-12-09 15:29:20 - OTMS - INFO - Reflecting table 'flex_produced_water_2' from flex database...
2025-12-09 15:29:20 - OTMS - INFO - Successfully created model for table 'flex_produced_water_2' from flex database
2025-12-09 15:36:21 - OTMS - INFO - Reflecting table 'flex_meters_2' from flex database...
2025-12-09 15:36:21 - OTMS - INFO - Successfully created model for table 'flex_meters_2' from flex database
2025-12-09 15:36:21 - OTMS - INFO - Reflecting table 'flex_produced_water_2' from flex database...
2025-12-09 15:36:21 - OTMS - INFO - Successfully created model for table 'flex_produced_water_2' from flex database
2025-12-09 15:36:23 - OTMS - INFO - Reflecting table 'flex_meters_2' from flex database...
2025-12-09 15:36:23 - OTMS - INFO - Successfully created model for table 'flex_meters_2' from flex database
2025-12-09 15:36:23 - OTMS - INFO - Reflecting table 'flex_produced_water_2' from flex database...
2025-12-09 15:36:23 - OTMS - INFO - Successfully created model for table 'flex_produced_water_2' from flex database
2025-12-09 15:41:57 - OTMS - INFO - Reflecting table 'flex_meters_2' from flex database...
2025-12-09 15:41:57 - OTMS - INFO - Successfully created model for table 'flex_meters_2' from flex database
2025-12-09 15:41:57 - OTMS - INFO - Reflecting table 'flex_produced_water_2' from flex database...
2025-12-09 15:41:57 - OTMS - INFO - Successfully created model for table 'flex_produced_water_2' from flex database
2025-12-09 15:42:19 - OTMS - INFO - Reflecting table 'flex_meters_2' from flex database...
2025-12-09 15:42:19 - OTMS - INFO - Successfully created model for table 'flex_meters_2' from flex database
2025-12-09 15:42:19 - OTMS - INFO - Reflecting table 'flex_produced_water_2' from flex database...
2025-12-09 15:42:19 - OTMS - INFO - Successfully created model for table 'flex_produced_water_2' from flex database
2025-12-09 15:42:40 - OTMS - INFO - Reflecting table 'flex_meters_2' from flex database...
2025-12-09 15:42:40 - OTMS - INFO - Successfully created model for table 'flex_meters_2' from flex database
2025-12-09 15:42:40 - OTMS - INFO - Reflecting table 'flex_produced_water_2' from flex database...
2025-12-09 15:42:40 - OTMS - INFO - Successfully created model for table 'flex_produced_water_2' from flex database
2025-12-09 15:42:42 - OTMS - INFO - [DELETE] TankTransaction #12 by Jetty - Deleted Tank Transaction Ticket #JETTY-20251209-0001 with remote approval by Vaisakh (remote)
2025-12-09 15:42:43 - OTMS - INFO - Reflecting table 'flex_meters_2' from flex database...
2025-12-09 15:42:43 - OTMS - INFO - Successfully created model for table 'flex_meters_2' from flex database
2025-12-09 15:42:43 - OTMS - INFO - Reflecting table 'flex_produced_water_2' from flex database...
2025-12-09 15:42:43 - OTMS - INFO - Successfully created model for table 'flex_produced_water_2' from flex database
2025-12-09 15:54:14 - OTMS - INFO - Reflecting table 'flex_meters_2' from flex database...
2025-12-09 15:54:14 - OTMS - INFO - Successfully created model for table 'flex_meters_2' from flex database
2025-12-09 15:54:14 - OTMS - INFO - Reflecting table 'flex_produced_water_2' from flex database...
2025-12-09 15:54:14 - OTMS - INFO - Successfully created model for table 'flex_produced_water_2' from flex database
